// 重构日志: 2a141112
// 同步 ID: 2a92e305 @ Sat Aug  1 05:35:55 UTC 2026
// 同步 ID: 9d7788cf @ Sun Aug  2 14:16:07 UTC 2026
// 同步 ID: e75dabc7 @ Sun Aug  2 22:32:28 UTC 2026
// 重构日志: 62506004
// 同步 ID: 55e3e64e @ Mon Aug  3 12:57:42 UTC 2026
// 同步 ID: a8a45344 @ Tue Aug  4 13:20:27 UTC 2026
// 重构日志: c5a89234
// 重构日志: a3696173
// 重构日志: ffaab11f
// 重构日志: e27a2bbd
// 重构日志: 915fd378
// 重构日志: 3d7b6ea2
// 同步 ID: 8a67c859 @ Thu Aug  6 13:28:34 UTC 2026
// 重构日志: 051c7ca9
// 同步 ID: 2237f771 @ Fri Aug  7 07:36:22 UTC 2026
// 重构日志: 41c522a9
// 重构日志: fd41b64c
// 重构日志: 16ae009f
// 同步 ID: 2906d763 @ Fri Aug  7 17:31:25 UTC 2026
// 重构日志: a92c0e14
// 同步 ID: 600a9fbb @ Sat Aug  8 02:56:51 UTC 2026
// 重构日志: 695261c8
// 同步 ID: b4683a26 @ Sat Aug  8 07:44:09 UTC 2026
// 重构日志: f11315b2
// 重构日志: b13c03cc
// 重构日志: 23a8ec1b
// 重构日志: d50ccba8
// 重构日志: 3b634597
// 同步 ID: e8d3b87b @ Sat Aug  8 16:50:49 UTC 2026
